MIRAL_0.1 {
global:
    # We need to specify the overload of miral::WindowManagerTools::modify_window
    _ZN5miral18WindowManagerTools13modify_windowERNS_10WindowInfoERKNS_19WindowSpecificationE;

  extern "C++" {
    miral::ActiveOutputsListener::?ActiveOutputsListener*;
    miral::ActiveOutputsListener::ActiveOutputsListener*;
    miral::ActiveOutputsListener::advise_output_begin*;
    miral::ActiveOutputsListener::advise_output_create*;
    miral::ActiveOutputsListener::advise_output_delete*;
    miral::ActiveOutputsListener::advise_output_end*;
    miral::ActiveOutputsListener::advise_output_update*;
    miral::ActiveOutputsListener::operator*;
    miral::ActiveOutputsMonitor::?ActiveOutputsMonitor*;
    miral::ActiveOutputsMonitor::ActiveOutputsMonitor*;
    miral::ActiveOutputsMonitor::add_listener*;
    miral::ActiveOutputsMonitor::delete_listener*;
    miral::ActiveOutputsMonitor::for_each_output*;
    miral::ActiveOutputsMonitor::operator*;
    miral::AddInitCallback::?AddInitCallback*;
    miral::AddInitCallback::AddInitCallback*;
    miral::AddInitCallback::operator*;
    miral::AppendEventFilter::AppendEventFilter*;
    miral::AppendEventFilter::operator*;
    miral::ApplicationAuthorizer::?ApplicationAuthorizer*;
    miral::ApplicationAuthorizer::ApplicationAuthorizer*;
    miral::ApplicationAuthorizer::operator*;
    miral::ApplicationCredentials::ApplicationCredentials*;
    miral::ApplicationCredentials::gid*;
    miral::ApplicationCredentials::pid*;
    miral::ApplicationCredentials::uid*;
    miral::ApplicationInfo::?ApplicationInfo*;
    miral::ApplicationInfo::ApplicationInfo*;
    miral::ApplicationInfo::add_window*;
    miral::ApplicationInfo::application*;
    miral::ApplicationInfo::operator*;
    miral::ApplicationInfo::remove_window*;
    miral::ApplicationInfo::userdata*;
    miral::ApplicationInfo::windows*;
    miral::BasicSetApplicationAuthorizer::?BasicSetApplicationAuthorizer*;
    miral::BasicSetApplicationAuthorizer::BasicSetApplicationAuthorizer*;
    miral::BasicSetApplicationAuthorizer::operator*;
    miral::BasicSetApplicationAuthorizer::the_application_authorizer*;
    miral::CanonicalWindowManagerPolicy::CanonicalWindowManagerPolicy*;
    miral::CanonicalWindowManagerPolicy::advise_focus_gained*;
    miral::CanonicalWindowManagerPolicy::handle_modify_window*;
    miral::CanonicalWindowManagerPolicy::handle_raise_window*;
    miral::CanonicalWindowManagerPolicy::handle_window_ready*;
    miral::CanonicalWindowManagerPolicy::place_new_surface*;
    miral::InternalClientLauncher::?InternalClientLauncher*;
    miral::InternalClientLauncher::InternalClientLauncher*;
    miral::InternalClientLauncher::launch*;
    miral::InternalClientLauncher::operator*;
    miral::MirRunner::?MirRunner*;
    miral::MirRunner::MirRunner*;
    miral::MirRunner::add_start_callback*;
    miral::MirRunner::add_stop_callback*;
    miral::MirRunner::run_with*;
    miral::MirRunner::set_exception_handler*;
    miral::MirRunner::stop*;
    miral::Output::?Output*;
    miral::Output::Output*;
    miral::Output::connected*;
    miral::Output::extents*;
    miral::Output::form_factor*;
    miral::Output::is_same_output*;
    miral::Output::operator*;
    miral::Output::orientation*;
    miral::Output::physical_size_mm*;
    miral::Output::pixel_format*;
    miral::Output::power_mode*;
    miral::Output::refresh_rate*;
    miral::Output::scale*;
    miral::Output::type*;
    miral::Output::used*;
    miral::Output::valid*;
    miral::SetCommandLineHandler::?SetCommandLineHandler*;
    miral::SetCommandLineHandler::SetCommandLineHandler*;
    miral::SetCommandLineHandler::operator*;
    miral::SetTerminator::?SetTerminator*;
    miral::SetTerminator::SetTerminator*;
    miral::SetTerminator::operator*;
    miral::SetWindowManagmentPolicy::?SetWindowManagmentPolicy*;
    miral::SetWindowManagmentPolicy::SetWindowManagmentPolicy*;
    miral::SetWindowManagmentPolicy::operator*;
    miral::StartupInternalClient::?StartupInternalClient*;
    miral::StartupInternalClient::StartupInternalClient*;
    miral::StartupInternalClient::operator*;
    miral::Window::?Window*;
    miral::Window::Window*;
    miral::Window::application*;
    miral::Window::move_to*;
    miral::Window::operator*;
    miral::Window::resize*;
    miral::Window::size*;
    miral::Window::top_left*;
    miral::WindowInfo::?WindowInfo*;
    miral::WindowInfo::WindowInfo*;
    miral::WindowInfo::add_child*;
    miral::WindowInfo::can_be_active*;
    miral::WindowInfo::can_morph_to*;
    miral::WindowInfo::children*;
    miral::WindowInfo::constrain_resize*;
    miral::WindowInfo::has_name*;
    miral::WindowInfo::has_output_id*;
    miral::WindowInfo::height_inc*;
    miral::WindowInfo::is_visible*;
    miral::WindowInfo::max_aspect*;
    miral::WindowInfo::max_height*;
    miral::WindowInfo::max_width*;
    miral::WindowInfo::min_aspect*;
    miral::WindowInfo::min_height*;
    miral::WindowInfo::min_width*;
    miral::WindowInfo::must_have_parent*;
    miral::WindowInfo::must_not_have_parent*;
    miral::WindowInfo::name*;
    miral::WindowInfo::needs_titlebar*;
    miral::WindowInfo::operator*;
    miral::WindowInfo::output_id*;
    miral::WindowInfo::parent*;
    miral::WindowInfo::preferred_orientation*;
    miral::WindowInfo::remove_child*;
    miral::WindowInfo::restore_rect*;
    miral::WindowInfo::state*;
    miral::WindowInfo::type*;
    miral::WindowInfo::userdata*;
    miral::WindowInfo::width_inc*;
    miral::WindowInfo::window*;
    miral::WindowManagementPolicy::?WindowManagementPolicy*;
    miral::WindowManagementPolicy::WindowManagementPolicy*;
    miral::WindowManagementPolicy::advise_begin*;
    miral::WindowManagementPolicy::advise_delete_app*;
    miral::WindowManagementPolicy::advise_delete_window*;
    miral::WindowManagementPolicy::advise_end*;
    miral::WindowManagementPolicy::advise_focus_gained*;
    miral::WindowManagementPolicy::advise_focus_lost*;
    miral::WindowManagementPolicy::advise_move_to*;
    miral::WindowManagementPolicy::advise_new_app*;
    miral::WindowManagementPolicy::advise_new_window*;
    miral::WindowManagementPolicy::advise_raise*;
    miral::WindowManagementPolicy::advise_resize*;
    miral::WindowManagementPolicy::advise_state_change*;
    miral::WindowManagementPolicy::operator*;
    miral::WindowManagerOptions::WindowManagerOptions*;
    miral::WindowManagerOptions::operator*;
    miral::WindowManagerTools::?WindowManagerTools*;
    miral::WindowManagerTools::WindowManagerTools*;
    miral::WindowManagerTools::active_display*;
    miral::WindowManagerTools::active_window*;
    miral::WindowManagerTools::ask_client_to_close*;
    miral::WindowManagerTools::count_applications*;
    miral::WindowManagerTools::drag_active_window*;
    miral::WindowManagerTools::find_application*;
    miral::WindowManagerTools::focus_next_application*;
    miral::WindowManagerTools::focus_next_within_application*;
    miral::WindowManagerTools::for_each_application*;
    miral::WindowManagerTools::id_for_window*;
    miral::WindowManagerTools::info_for*;
    miral::WindowManagerTools::info_for_window_id*;
    miral::WindowManagerTools::invoke_under_lock*;
#    miral::WindowManagerTools::modify_window*;
    miral::WindowManagerTools::operator*;
    miral::WindowManagerTools::raise_tree*;
    miral::WindowManagerTools::select_active_window*;
    miral::WindowManagerTools::window_at*;
    miral::WindowSpecification::?WindowSpecification*;
    miral::WindowSpecification::WindowSpecification*;
    miral::WindowSpecification::aux_rect*;
    miral::WindowSpecification::aux_rect_placement_gravity*;
    miral::WindowSpecification::aux_rect_placement_offset*;
    miral::WindowSpecification::height_inc*;
    miral::WindowSpecification::input_mode*;
    miral::WindowSpecification::input_shape*;
    miral::WindowSpecification::max_aspect*;
    miral::WindowSpecification::max_height*;
    miral::WindowSpecification::max_width*;
    miral::WindowSpecification::min_aspect*;
    miral::WindowSpecification::min_height*;
    miral::WindowSpecification::min_width*;
    miral::WindowSpecification::name*;
    miral::WindowSpecification::operator*;
    miral::WindowSpecification::output_id*;
    miral::WindowSpecification::parent*;
    miral::WindowSpecification::placement_hints*;
    miral::WindowSpecification::preferred_orientation*;
    miral::WindowSpecification::shell_chrome*;
    miral::WindowSpecification::size*;
    miral::WindowSpecification::state*;
    miral::WindowSpecification::top_left*;
    miral::WindowSpecification::type*;
    miral::WindowSpecification::update*;
    miral::WindowSpecification::width_inc*;
    miral::WindowSpecification::window_placement_gravity*;
    miral::display_configuration_options*;
    miral::equivalent_display_area*;
    miral::kill*;
    miral::operator*;
    miral::toolkit::Connection::Connection*;
    miral::toolkit::Surface::Surface*;
    non-virtual?thunk?to?miral::ActiveOutputsListener::?ActiveOutputsListener*;
    non-virtual?thunk?to?miral::ActiveOutputsListener::advise_output_begin*;
    non-virtual?thunk?to?miral::ActiveOutputsListener::advise_output_create*;
    non-virtual?thunk?to?miral::ActiveOutputsListener::advise_output_delete*;
    non-virtual?thunk?to?miral::ActiveOutputsListener::advise_output_end*;
    non-virtual?thunk?to?miral::ActiveOutputsListener::advise_output_update*;
    non-virtual?thunk?to?miral::ApplicationAuthorizer::?ApplicationAuthorizer*;
    non-virtual?thunk?to?miral::CanonicalWindowManagerPolicy::advise_focus_gained*;
    non-virtual?thunk?to?miral::CanonicalWindowManagerPolicy::handle_modify_window*;
    non-virtual?thunk?to?miral::CanonicalWindowManagerPolicy::handle_raise_window*;
    non-virtual?thunk?to?miral::CanonicalWindowManagerPolicy::handle_window_ready*;
    non-virtual?thunk?to?miral::CanonicalWindowManagerPolicy::place_new_surface*;
    non-virtual?thunk?to?miral::WindowManagementPolicy::?WindowManagementPolicy*;
    non-virtual?thunk?to?miral::WindowManagementPolicy::advise_begin*;
    non-virtual?thunk?to?miral::WindowManagementPolicy::advise_delete_app*;
    non-virtual?thunk?to?miral::WindowManagementPolicy::advise_delete_window*;
    non-virtual?thunk?to?miral::WindowManagementPolicy::advise_end*;
    non-virtual?thunk?to?miral::WindowManagementPolicy::advise_focus_gained*;
    non-virtual?thunk?to?miral::WindowManagementPolicy::advise_focus_lost*;
    non-virtual?thunk?to?miral::WindowManagementPolicy::advise_move_to*;
    non-virtual?thunk?to?miral::WindowManagementPolicy::advise_new_app*;
    non-virtual?thunk?to?miral::WindowManagementPolicy::advise_new_window*;
    non-virtual?thunk?to?miral::WindowManagementPolicy::advise_raise*;
    non-virtual?thunk?to?miral::WindowManagementPolicy::advise_resize*;
    non-virtual?thunk?to?miral::WindowManagementPolicy::advise_state_change*;
    typeinfo?for?miral::ActiveOutputsListener;
    typeinfo?for?miral::ActiveOutputsMonitor;
    typeinfo?for?miral::AddInitCallback;
    typeinfo?for?miral::AppendEventFilter;
    typeinfo?for?miral::ApplicationAuthorizer;
    typeinfo?for?miral::ApplicationCredentials;
    typeinfo?for?miral::ApplicationInfo;
    typeinfo?for?miral::BasicSetApplicationAuthorizer;
    typeinfo?for?miral::CanonicalWindowManagerPolicy;
    typeinfo?for?miral::InternalClientLauncher;
    typeinfo?for?miral::MirRunner;
    typeinfo?for?miral::Output;
    typeinfo?for?miral::Output::PhysicalSizeMM;
    typeinfo?for?miral::SetCommandLineHandler;
    typeinfo?for?miral::SetTerminator;
    typeinfo?for?miral::SetWindowManagmentPolicy;
    typeinfo?for?miral::StartupInternalClient;
    typeinfo?for?miral::Window;
    typeinfo?for?miral::WindowInfo;
    typeinfo?for?miral::WindowManagementPolicy;
    typeinfo?for?miral::WindowManagerOption;
    typeinfo?for?miral::WindowManagerOptions;
    typeinfo?for?miral::WindowManagerTools;
    typeinfo?for?miral::WindowSpecification;
    typeinfo?for?miral::WindowSpecification::AspectRatio;
    typeinfo?for?miral::toolkit::Connection;
    typeinfo?for?miral::toolkit::PersistentId;
    typeinfo?for?miral::toolkit::Surface;
    typeinfo?for?miral::toolkit::SurfaceSpec;
    vtable?for?miral::ActiveOutputsListener;
    vtable?for?miral::ActiveOutputsMonitor;
    vtable?for?miral::AddInitCallback;
    vtable?for?miral::AppendEventFilter;
    vtable?for?miral::ApplicationAuthorizer;
    vtable?for?miral::ApplicationCredentials;
    vtable?for?miral::ApplicationInfo;
    vtable?for?miral::BasicSetApplicationAuthorizer;
    vtable?for?miral::CanonicalWindowManagerPolicy;
    vtable?for?miral::InternalClientLauncher;
    vtable?for?miral::MirRunner;
    vtable?for?miral::Output;
    vtable?for?miral::Output::PhysicalSizeMM;
    vtable?for?miral::SetCommandLineHandler;
    vtable?for?miral::SetTerminator;
    vtable?for?miral::SetWindowManagmentPolicy;
    vtable?for?miral::StartupInternalClient;
    vtable?for?miral::Window;
    vtable?for?miral::WindowInfo;
    vtable?for?miral::WindowManagementPolicy;
    vtable?for?miral::WindowManagerOption;
    vtable?for?miral::WindowManagerOptions;
    vtable?for?miral::WindowManagerTools;
    vtable?for?miral::WindowSpecification;
    vtable?for?miral::WindowSpecification::AspectRatio;
    vtable?for?miral::toolkit::Connection;
    vtable?for?miral::toolkit::PersistentId;
    vtable?for?miral::toolkit::Surface;
    vtable?for?miral::toolkit::SurfaceSpec;
  };
local: *;
};

MIRAL_0.2 {
global:
  extern "C++" {
    miral::CursorTheme::?CursorTheme*;
    miral::CursorTheme::CursorTheme*;
    miral::CursorTheme::operator*;
    miral::WindowInfo::confine_pointer*;
    miral::WindowManagerTools::place_and_size_for_state*;
    miral::WindowSpecification::confine_pointer*;
    typeinfo?for?miral::CursorTheme;
    vtable?for?miral::CursorTheme;
  };
} MIRAL_0.1;

MIRAL_0.3 {
global:
   # We need to specify the overload of miral::WindowManagerTools::modify_window
  _ZN5miral18WindowManagerTools13modify_windowERKNS_6WindowERKNS_19WindowSpecificationE;
  extern "C++" {
    miral::Keymap::?Keymap*;
    miral::Keymap::Keymap*;
    miral::Keymap::operator*;
    miral::Keymap::set_keymap*;
    miral::WindowSpecification::userdata*;
    typeinfo?for?miral::Keymap;
    vtable?for?miral::Keymap;
  };
} MIRAL_0.2;

MIRAL_0.4 {
global:
  extern "C++" {
    miral::CommandLineOption::?CommandLineOption*;
    miral::CommandLineOption::CommandLineOption*;
    miral::CommandLineOption::operator*;
    typeinfo?for?miral::CommandLineOption;
    vtable?for?miral::CommandLineOption;
  };
} MIRAL_0.3;
